
> intern-hub-wallet-frontend@0.0.0 build
> ng build

[33mΓ¥»[39m Building...
[32mΓ£ö[39m Building...
Application bundle generation failed. [4.323 seconds] - 2026-03-18T04:52:34.454Z

npm : [1m[33m[33mΓû▓ [43;33m[[43
;30mWARNING[43;33m][0m [1mNG8113: 
TransactionHistoryComponent is not 
used within the template of 
WalletComponent[0m [1m[35m[plugin 
angular-compiler][0m
At line:1 char:1
+ npm run build > build_output.txt 
2>&1
+ 
~~~~~~~~~~~~~~~~~~~~~~~~~~~~~~~~~~~~~
    + CategoryInfo          : NotSpe 
   cified: ([1m[33m[33mΓ...r-com  
  piler][0m:String) [], RemoteExc   
 eption
    + FullyQualifiedErrorId : Native 
   CommandError
 

    src/app/features/wallet/wallet.co
mponent.ts:12:39:
[37m      12 Γöé   imports: 
[CommonModule, FormsModule, [32mTran
sactionHistoryComponent[37m],
         Γò╡                         
               
[32m~~~~~~~~~~~~~~~~~~~~~~~~~~~[0m

[39m[22m
[1m[31m[31mX 
[41;31m[[41;97mERROR[41;31m][0m 
[1mNG5002: Unexpected closing tag 
"div". It may happen when the tag 
has already been closed by another 
tag. For more info see https://www.w3
.org/TR/html5/syntax.html#closing-ele
ments-that-have-implied-end-tags[0m 
[1m[35m[plugin 
angular-compiler][0m

    src/app/features/wallet/wallet.co
mponent.html:418:0:
[37m      418 Γöé [32m</div>[37m
          Γò╡ [32m~~~~~~[0m

  Error occurs in the template of 
component WalletComponent.

    src/app/features/wallet/wallet.co
mponent.ts:14:15:
[37m      14 Γöé   templateUrl: 
[32m'./wallet.component.html'[37m,
         Γò╡                
[32m~~~~~~~~~~~~~~~~~~~~~~~~~[0m

[39m[22m
